INFO [2025-08-21 11:08:01] $x
INFO [2025-08-21 11:08:01] targets_pretty
INFO [2025-08-21 11:08:01] 
INFO [2025-08-21 11:08:01] $filename
INFO [2025-08-21 11:08:01] NULL
INFO [2025-08-21 11:08:01] 
INFO [2025-08-21 11:08:01] $fill
INFO [2025-08-21 11:08:01] fills
INFO [2025-08-21 11:08:01] 
INFO [2025-08-21 11:08:01] $alpha
INFO [2025-08-21 11:08:01] [1] 0.5
INFO [2025-08-21 11:08:01] 
INFO [2025-08-21 11:08:01] $cex
INFO [2025-08-21 11:08:01] [1] 1.4
INFO [2025-08-21 11:08:01] 
INFO [2025-08-21 11:08:01] $cat.cex
INFO [2025-08-21 11:08:01] [1] 1.6
INFO [2025-08-21 11:08:01] 
INFO [2025-08-21 11:08:01] $cat.col
INFO [2025-08-21 11:08:01] fills
INFO [2025-08-21 11:08:01] 
INFO [2025-08-21 11:08:01] $category.names
INFO [2025-08-21 11:08:01] names(targets_pretty)
INFO [2025-08-21 11:08:01] 
INFO [2025-08-21 11:08:01] $margin
INFO [2025-08-21 11:08:01] [1] 0.1
INFO [2025-08-21 11:08:01] 
ERROR [2025-08-21 11:08:01] NAs in dataset
