INFO [2025-08-20 14:03:58] $x
INFO [2025-08-20 14:03:58] targets
INFO [2025-08-20 14:03:58] 
INFO [2025-08-20 14:03:58] $filename
INFO [2025-08-20 14:03:58] NULL
INFO [2025-08-20 14:03:58] 
INFO [2025-08-20 14:03:58] $fill
INFO [2025-08-20 14:03:58] c("#66c2a5", "#fc8d62", "#8da0cb")
INFO [2025-08-20 14:03:58] 
INFO [2025-08-20 14:03:58] $alpha
INFO [2025-08-20 14:03:58] [1] 0.5
INFO [2025-08-20 14:03:58] 
INFO [2025-08-20 14:03:58] $cex
INFO [2025-08-20 14:03:58] [1] 1.2
INFO [2025-08-20 14:03:58] 
INFO [2025-08-20 14:03:58] $cat.cex
INFO [2025-08-20 14:03:58] [1] 1.2
INFO [2025-08-20 14:03:58] 
INFO [2025-08-20 14:03:58] $cat.col
INFO [2025-08-20 14:03:58] c("#66c2a5", "#fc8d62", "#8da0cb")
INFO [2025-08-20 14:03:58] 
INFO [2025-08-20 14:03:58] $category.names
INFO [2025-08-20 14:03:58] names(targets)
INFO [2025-08-20 14:03:58] 
