INFO [2025-08-20 14:10:28] $x
INFO [2025-08-20 14:10:28] targets
INFO [2025-08-20 14:10:28] 
INFO [2025-08-20 14:10:28] $filename
INFO [2025-08-20 14:10:28] NULL
INFO [2025-08-20 14:10:28] 
INFO [2025-08-20 14:10:28] $fill
INFO [2025-08-20 14:10:28] c("#66c2a5", "#fc8d62", "#8da0cb")
INFO [2025-08-20 14:10:28] 
INFO [2025-08-20 14:10:28] $alpha
INFO [2025-08-20 14:10:28] [1] 0.5
INFO [2025-08-20 14:10:28] 
INFO [2025-08-20 14:10:28] $cex
INFO [2025-08-20 14:10:28] [1] 1.2
INFO [2025-08-20 14:10:28] 
INFO [2025-08-20 14:10:28] $cat.cex
INFO [2025-08-20 14:10:28] [1] 1.2
INFO [2025-08-20 14:10:28] 
INFO [2025-08-20 14:10:28] $cat.col
INFO [2025-08-20 14:10:28] c("#66c2a5", "#fc8d62", "#8da0cb")
INFO [2025-08-20 14:10:28] 
INFO [2025-08-20 14:10:28] $category.names
INFO [2025-08-20 14:10:28] names(files)
INFO [2025-08-20 14:10:28] 
