INFO [2025-08-21 11:07:54] $x
INFO [2025-08-21 11:07:54] targets_pretty
INFO [2025-08-21 11:07:54] 
INFO [2025-08-21 11:07:54] $filename
INFO [2025-08-21 11:07:54] NULL
INFO [2025-08-21 11:07:54] 
INFO [2025-08-21 11:07:54] $fill
INFO [2025-08-21 11:07:54] fills
INFO [2025-08-21 11:07:54] 
INFO [2025-08-21 11:07:54] $alpha
INFO [2025-08-21 11:07:54] [1] 0.5
INFO [2025-08-21 11:07:54] 
INFO [2025-08-21 11:07:54] $cex
INFO [2025-08-21 11:07:54] [1] 1.4
INFO [2025-08-21 11:07:54] 
INFO [2025-08-21 11:07:54] $cat.cex
INFO [2025-08-21 11:07:54] [1] 1.6
INFO [2025-08-21 11:07:54] 
INFO [2025-08-21 11:07:54] $cat.col
INFO [2025-08-21 11:07:54] fills
INFO [2025-08-21 11:07:54] 
INFO [2025-08-21 11:07:54] $category.names
INFO [2025-08-21 11:07:54] names(targets_pretty)
INFO [2025-08-21 11:07:54] 
INFO [2025-08-21 11:07:54] $margin
INFO [2025-08-21 11:07:54] [1] 0.1
INFO [2025-08-21 11:07:54] 
ERROR [2025-08-21 11:07:54] NAs in dataset
