INFO [2025-08-21 11:08:39] $x
INFO [2025-08-21 11:08:39] targets_pretty
INFO [2025-08-21 11:08:39] 
INFO [2025-08-21 11:08:39] $filename
INFO [2025-08-21 11:08:39] NULL
INFO [2025-08-21 11:08:39] 
INFO [2025-08-21 11:08:39] $fill
INFO [2025-08-21 11:08:39] fills
INFO [2025-08-21 11:08:39] 
INFO [2025-08-21 11:08:39] $alpha
INFO [2025-08-21 11:08:39] [1] 0.5
INFO [2025-08-21 11:08:39] 
INFO [2025-08-21 11:08:39] $cex
INFO [2025-08-21 11:08:39] [1] 1.4
INFO [2025-08-21 11:08:39] 
INFO [2025-08-21 11:08:39] $cat.cex
INFO [2025-08-21 11:08:39] [1] 1.6
INFO [2025-08-21 11:08:39] 
INFO [2025-08-21 11:08:39] $cat.col
INFO [2025-08-21 11:08:39] fills
INFO [2025-08-21 11:08:39] 
INFO [2025-08-21 11:08:39] $category.names
INFO [2025-08-21 11:08:39] names(targets_pretty)
INFO [2025-08-21 11:08:39] 
INFO [2025-08-21 11:08:39] $margin
INFO [2025-08-21 11:08:39] [1] 0.1
INFO [2025-08-21 11:08:39] 
ERROR [2025-08-21 11:08:39] NAs in dataset
