INFO [2025-08-21 11:01:53] $x
INFO [2025-08-21 11:01:53] targets
INFO [2025-08-21 11:01:53] 
INFO [2025-08-21 11:01:53] $filename
INFO [2025-08-21 11:01:53] NULL
INFO [2025-08-21 11:01:53] 
INFO [2025-08-21 11:01:53] $fill
INFO [2025-08-21 11:01:53] fills
INFO [2025-08-21 11:01:53] 
INFO [2025-08-21 11:01:53] $alpha
INFO [2025-08-21 11:01:53] [1] 0.5
INFO [2025-08-21 11:01:53] 
INFO [2025-08-21 11:01:53] $cex
INFO [2025-08-21 11:01:53] [1] 1.2
INFO [2025-08-21 11:01:53] 
INFO [2025-08-21 11:01:53] $cat.cex
INFO [2025-08-21 11:01:53] [1] 1.2
INFO [2025-08-21 11:01:53] 
INFO [2025-08-21 11:01:53] $cat.col
INFO [2025-08-21 11:01:53] fills
INFO [2025-08-21 11:01:53] 
INFO [2025-08-21 11:01:53] $category.names
INFO [2025-08-21 11:01:53] names(targets)
INFO [2025-08-21 11:01:53] 
