INFO [2025-08-21 10:58:48] $x
INFO [2025-08-21 10:58:48] targets
INFO [2025-08-21 10:58:48] 
INFO [2025-08-21 10:58:48] $filename
INFO [2025-08-21 10:58:48] NULL
INFO [2025-08-21 10:58:48] 
INFO [2025-08-21 10:58:48] $fill
INFO [2025-08-21 10:58:48] fills
INFO [2025-08-21 10:58:48] 
INFO [2025-08-21 10:58:48] $alpha
INFO [2025-08-21 10:58:48] [1] 0.5
INFO [2025-08-21 10:58:48] 
INFO [2025-08-21 10:58:48] $cex
INFO [2025-08-21 10:58:48] [1] 1.2
INFO [2025-08-21 10:58:48] 
INFO [2025-08-21 10:58:48] $cat.cex
INFO [2025-08-21 10:58:48] [1] 1.2
INFO [2025-08-21 10:58:48] 
INFO [2025-08-21 10:58:48] $cat.col
INFO [2025-08-21 10:58:48] fills
INFO [2025-08-21 10:58:48] 
INFO [2025-08-21 10:58:48] $category.names
INFO [2025-08-21 10:58:48] names(targets)
INFO [2025-08-21 10:58:48] 
