INFO [2025-08-20 13:52:51] $x
INFO [2025-08-20 13:52:51] targets
INFO [2025-08-20 13:52:51] 
INFO [2025-08-20 13:52:51] $filename
INFO [2025-08-20 13:52:51] NULL
INFO [2025-08-20 13:52:51] 
INFO [2025-08-20 13:52:51] $fill
INFO [2025-08-20 13:52:51] c("#66c2a5", "#fc8d62", "#8da0cb")
INFO [2025-08-20 13:52:51] 
INFO [2025-08-20 13:52:51] $alpha
INFO [2025-08-20 13:52:51] [1] 0.5
INFO [2025-08-20 13:52:51] 
INFO [2025-08-20 13:52:51] $cex
INFO [2025-08-20 13:52:51] [1] 1.2
INFO [2025-08-20 13:52:51] 
INFO [2025-08-20 13:52:51] $cat.cex
INFO [2025-08-20 13:52:51] [1] 1.2
INFO [2025-08-20 13:52:51] 
INFO [2025-08-20 13:52:51] $cat.col
INFO [2025-08-20 13:52:51] c("#66c2a5", "#fc8d62", "#8da0cb")
INFO [2025-08-20 13:52:51] 
INFO [2025-08-20 13:52:51] $category.names
INFO [2025-08-20 13:52:51] names(files)
INFO [2025-08-20 13:52:51] 
